📝 LaTeX+BibTeXで参考文献リストを生成中...
⚠️ LaTeXコンパイルに警告がありますが続行します
⚠️ BibTeX実行に警告がありますが続行します
